// Jest Snapshot v1, https://goo.gl/fbAQLP

exports[`Integration test JustInTimeProvision 1`] = `
Object {
  "Parameters": Object {
    "AssetParameters521c16efa99f6b226a4b5496c6851fc91fb6006c897e8cc62cc021278e3d4d71ArtifactHash3D5D3872": Object {
      "Description": "Artifact hash for asset \\"521c16efa99f6b226a4b5496c6851fc91fb6006c897e8cc62cc021278e3d4d71\\"",
      "Type": "String",
    },
    "AssetParameters521c16efa99f6b226a4b5496c6851fc91fb6006c897e8cc62cc021278e3d4d71S3Bucket736A0D41": Object {
      "Description": "S3 bucket for asset \\"521c16efa99f6b226a4b5496c6851fc91fb6006c897e8cc62cc021278e3d4d71\\"",
      "Type": "String",
    },
    "AssetParameters521c16efa99f6b226a4b5496c6851fc91fb6006c897e8cc62cc021278e3d4d71S3VersionKey2C9F0EDB": Object {
      "Description": "S3 key for asset version \\"521c16efa99f6b226a4b5496c6851fc91fb6006c897e8cc62cc021278e3d4d71\\"",
      "Type": "String",
    },
    "AssetParameters8282ef9000361ed699baec2f49978de2013260d755c9b26e4f92589fdd2cb319ArtifactHashCE7BC5EF": Object {
      "Description": "Artifact hash for asset \\"8282ef9000361ed699baec2f49978de2013260d755c9b26e4f92589fdd2cb319\\"",
      "Type": "String",
    },
    "AssetParameters8282ef9000361ed699baec2f49978de2013260d755c9b26e4f92589fdd2cb319S3Bucket349CDF32": Object {
      "Description": "S3 bucket for asset \\"8282ef9000361ed699baec2f49978de2013260d755c9b26e4f92589fdd2cb319\\"",
      "Type": "String",
    },
    "AssetParameters8282ef9000361ed699baec2f49978de2013260d755c9b26e4f92589fdd2cb319S3VersionKey6D764C38": Object {
      "Description": "S3 key for asset version \\"8282ef9000361ed699baec2f49978de2013260d755c9b26e4f92589fdd2cb319\\"",
      "Type": "String",
    },
    "AssetParameters8335c6298a97f0a0d18a8b5facfd149e57c1423f70cd31d9c34cc7d1ac0ffb7fArtifactHash6018291A": Object {
      "Description": "Artifact hash for asset \\"8335c6298a97f0a0d18a8b5facfd149e57c1423f70cd31d9c34cc7d1ac0ffb7f\\"",
      "Type": "String",
    },
    "AssetParameters8335c6298a97f0a0d18a8b5facfd149e57c1423f70cd31d9c34cc7d1ac0ffb7fS3BucketCA81C430": Object {
      "Description": "S3 bucket for asset \\"8335c6298a97f0a0d18a8b5facfd149e57c1423f70cd31d9c34cc7d1ac0ffb7f\\"",
      "Type": "String",
    },
    "AssetParameters8335c6298a97f0a0d18a8b5facfd149e57c1423f70cd31d9c34cc7d1ac0ffb7fS3VersionKey7F4F875D": Object {
      "Description": "S3 key for asset version \\"8335c6298a97f0a0d18a8b5facfd149e57c1423f70cd31d9c34cc7d1ac0ffb7f\\"",
      "Type": "String",
    },
  },
  "Resources": Object {
    "JustInTimeProvisiontestcaseCaRegistratortestcase21FFC435": Object {
      "Properties": Object {
        "PolicyDocument": Object {
          "Statement": Array [
            Object {
              "Action": Array [
                "iam:PassRole",
                "iot:RegisterCACertificate",
                "iot:GetRegistrationCode",
                "iot:CreateTopicRule",
                "iot:TagResource",
              ],
              "Effect": "Allow",
              "Resource": "*",
            },
          ],
          "Version": "2012-10-17",
        },
        "PolicyName": "JustInTimeProvisiontestcaseCaRegistratortestcase21FFC435",
        "Roles": Array [
          Object {
            "Ref": "JustInTimeProvisiontestcaseCaRegistratortestcaseServiceRoleFB1CB993",
          },
        ],
      },
      "Type": "AWS::IAM::Policy",
    },
    "JustInTimeProvisiontestcaseCaRegistratortestcase93903A27": Object {
      "DependsOn": Array [
        "JustInTimeProvisiontestcaseCaRegistratortestcaseServiceRoleDefaultPolicy8C8AE893",
        "JustInTimeProvisiontestcaseCaRegistratortestcaseServiceRoleFB1CB993",
      ],
      "Properties": Object {
        "Code": Object {
          "S3Bucket": Object {
            "Ref": "AssetParameters8282ef9000361ed699baec2f49978de2013260d755c9b26e4f92589fdd2cb319S3Bucket349CDF32",
          },
          "S3Key": Object {
            "Fn::Join": Array [
              "",
              Array [
                Object {
                  "Fn::Select": Array [
                    0,
                    Object {
                      "Fn::Split": Array [
                        "||",
                        Object {
                          "Ref": "AssetParameters8282ef9000361ed699baec2f49978de2013260d755c9b26e4f92589fdd2cb319S3VersionKey6D764C38",
                        },
                      ],
                    },
                  ],
                },
                Object {
                  "Fn::Select": Array [
                    1,
                    Object {
                      "Fn::Split": Array [
                        "||",
                        Object {
                          "Ref": "AssetParameters8282ef9000361ed699baec2f49978de2013260d755c9b26e4f92589fdd2cb319S3VersionKey6D764C38",
                        },
                      ],
                    },
                  ],
                },
              ],
            ],
          },
        },
        "Environment": Object {
          "Variables": Object {
            "AWS_NODEJS_CONNECTION_REUSE_ENABLED": "1",
            "BUCKET_NAME": Object {
              "Fn::ImportValue": "another-stack:ExportsOutputRefcaBucketD1A50B2B031F53FA",
            },
            "BUCKET_PREFIX": "test",
            "REGISTRATION_CONFIG_ROLE_ARN": Object {
              "Fn::GetAtt": Array [
                "JustInTimeProvisiontestcaseProvisionRoleRegistrationConfigRoletestcaseE8C566C2",
                "Arn",
              ],
            },
            "VERIFIERS": "\\"[]\\"",
          },
        },
        "Handler": "index.handler",
        "MemorySize": 256,
        "Role": Object {
          "Fn::GetAtt": Array [
            "JustInTimeProvisiontestcaseCaRegistratortestcaseServiceRoleFB1CB993",
            "Arn",
          ],
        },
        "Runtime": "nodejs14.x",
        "Timeout": 10,
      },
      "Type": "AWS::Lambda::Function",
    },
    "JustInTimeProvisiontestcaseCaRegistratortestcaseServiceRoleDefaultPolicy8C8AE893": Object {
      "Properties": Object {
        "PolicyDocument": Object {
          "Statement": Array [
            Object {
              "Action": Array [
                "s3:GetObject*",
                "s3:GetBucket*",
                "s3:List*",
                "s3:DeleteObject*",
                "s3:PutObject*",
                "s3:Abort*",
              ],
              "Effect": "Allow",
              "Resource": Array [
                Object {
                  "Fn::ImportValue": "another-stack:ExportsOutputFnGetAttcaBucketD1A50B2BArn68FC0213",
                },
                Object {
                  "Fn::Join": Array [
                    "",
                    Array [
                      Object {
                        "Fn::ImportValue": "another-stack:ExportsOutputFnGetAttcaBucketD1A50B2BArn68FC0213",
                      },
                      "/*",
                    ],
                  ],
                },
              ],
            },
          ],
          "Version": "2012-10-17",
        },
        "PolicyName": "JustInTimeProvisiontestcaseCaRegistratortestcaseServiceRoleDefaultPolicy8C8AE893",
        "Roles": Array [
          Object {
            "Ref": "JustInTimeProvisiontestcaseCaRegistratortestcaseServiceRoleFB1CB993",
          },
        ],
      },
      "Type": "AWS::IAM::Policy",
    },
    "JustInTimeProvisiontestcaseCaRegistratortestcaseServiceRoleFB1CB993": Object {
      "Properties": Object {
        "AssumeRolePolicyDocument": Object {
          "Statement": Array [
            Object {
              "Action": "sts:AssumeRole",
              "Effect": "Allow",
              "Principal": Object {
                "Service": "lambda.amazonaws.com",
              },
            },
          ],
          "Version": "2012-10-17",
        },
        "ManagedPolicyArns": Array [
          Object {
            "Fn::Join": Array [
              "",
              Array [
                "arn:",
                Object {
                  "Ref": "AWS::Partition",
                },
                ":iam::aws:policy/service-role/AWSLambdaBasicExecutionRole",
              ],
            ],
          },
        ],
      },
      "Type": "AWS::IAM::Role",
    },
    "JustInTimeProvisiontestcaseDeviceCertificateGeneratortestcase625C5945": Object {
      "DependsOn": Array [
        "JustInTimeProvisiontestcaseDeviceCertificateGeneratortestcaseServiceRoleDefaultPolicyB8C16E44",
        "JustInTimeProvisiontestcaseDeviceCertificateGeneratortestcaseServiceRoleCA89F5E4",
      ],
      "Properties": Object {
        "Code": Object {
          "S3Bucket": Object {
            "Ref": "AssetParameters8335c6298a97f0a0d18a8b5facfd149e57c1423f70cd31d9c34cc7d1ac0ffb7fS3BucketCA81C430",
          },
          "S3Key": Object {
            "Fn::Join": Array [
              "",
              Array [
                Object {
                  "Fn::Select": Array [
                    0,
                    Object {
                      "Fn::Split": Array [
                        "||",
                        Object {
                          "Ref": "AssetParameters8335c6298a97f0a0d18a8b5facfd149e57c1423f70cd31d9c34cc7d1ac0ffb7fS3VersionKey7F4F875D",
                        },
                      ],
                    },
                  ],
                },
                Object {
                  "Fn::Select": Array [
                    1,
                    Object {
                      "Fn::Split": Array [
                        "||",
                        Object {
                          "Ref": "AssetParameters8335c6298a97f0a0d18a8b5facfd149e57c1423f70cd31d9c34cc7d1ac0ffb7fS3VersionKey7F4F875D",
                        },
                      ],
                    },
                  ],
                },
              ],
            ],
          },
        },
        "Environment": Object {
          "Variables": Object {
            "AWS_NODEJS_CONNECTION_REUSE_ENABLED": "1",
            "BUCKET_NAME": Object {
              "Fn::ImportValue": "another-stack:ExportsOutputRefcaBucketD1A50B2B031F53FA",
            },
            "BUCKET_PREFIX": "test",
          },
        },
        "Handler": "index.handler",
        "MemorySize": 256,
        "Role": Object {
          "Fn::GetAtt": Array [
            "JustInTimeProvisiontestcaseDeviceCertificateGeneratortestcaseServiceRoleCA89F5E4",
            "Arn",
          ],
        },
        "Runtime": "nodejs14.x",
        "Timeout": 10,
      },
      "Type": "AWS::Lambda::Function",
    },
    "JustInTimeProvisiontestcaseDeviceCertificateGeneratortestcasePolicyDeviceCertificateGeneratortestcaseD0261C2C": Object {
      "Properties": Object {
        "PolicyDocument": Object {
          "Statement": Array [
            Object {
              "Action": Array [
                "iot:DescribeThing",
                "iot:DeleteCertificate",
                "iot:DeleteThing",
                "iot:DescribeCACertificate",
                "iot:ListTagsForResource",
                "iot:DescribeEndpoint",
                "lambda:InvokeFunction",
                "lambda:InvokeAsync",
              ],
              "Effect": "Allow",
              "Resource": "*",
            },
          ],
          "Version": "2012-10-17",
        },
        "PolicyName": "JustInTimeProvisiontestcaseDeviceCertificateGeneratortestcasePolicyDeviceCertificateGeneratortestcaseD0261C2C",
        "Roles": Array [
          Object {
            "Ref": "JustInTimeProvisiontestcaseDeviceCertificateGeneratortestcaseServiceRoleCA89F5E4",
          },
        ],
      },
      "Type": "AWS::IAM::Policy",
    },
    "JustInTimeProvisiontestcaseDeviceCertificateGeneratortestcaseServiceRoleCA89F5E4": Object {
      "Properties": Object {
        "AssumeRolePolicyDocument": Object {
          "Statement": Array [
            Object {
              "Action": "sts:AssumeRole",
              "Effect": "Allow",
              "Principal": Object {
                "Service": "lambda.amazonaws.com",
              },
            },
          ],
          "Version": "2012-10-17",
        },
        "ManagedPolicyArns": Array [
          Object {
            "Fn::Join": Array [
              "",
              Array [
                "arn:",
                Object {
                  "Ref": "AWS::Partition",
                },
                ":iam::aws:policy/service-role/AWSLambdaBasicExecutionRole",
              ],
            ],
          },
        ],
      },
      "Type": "AWS::IAM::Role",
    },
    "JustInTimeProvisiontestcaseDeviceCertificateGeneratortestcaseServiceRoleDefaultPolicyB8C16E44": Object {
      "Properties": Object {
        "PolicyDocument": Object {
          "Statement": Array [
            Object {
              "Action": Array [
                "s3:GetObject*",
                "s3:GetBucket*",
                "s3:List*",
              ],
              "Effect": "Allow",
              "Resource": Array [
                Object {
                  "Fn::ImportValue": "another-stack:ExportsOutputFnGetAttcaBucketD1A50B2BArn68FC0213",
                },
                Object {
                  "Fn::Join": Array [
                    "",
                    Array [
                      Object {
                        "Fn::ImportValue": "another-stack:ExportsOutputFnGetAttcaBucketD1A50B2BArn68FC0213",
                      },
                      "/*",
                    ],
                  ],
                },
              ],
            },
          ],
          "Version": "2012-10-17",
        },
        "PolicyName": "JustInTimeProvisiontestcaseDeviceCertificateGeneratortestcaseServiceRoleDefaultPolicyB8C16E44",
        "Roles": Array [
          Object {
            "Ref": "JustInTimeProvisiontestcaseDeviceCertificateGeneratortestcaseServiceRoleCA89F5E4",
          },
        ],
      },
      "Type": "AWS::IAM::Policy",
    },
    "JustInTimeProvisiontestcaseProvisionRoleRegistrationConfigRoletestcaseE8C566C2": Object {
      "Properties": Object {
        "AssumeRolePolicyDocument": Object {
          "Statement": Array [
            Object {
              "Action": "sts:AssumeRole",
              "Effect": "Allow",
              "Principal": Object {
                "Service": "iot.amazonaws.com",
              },
            },
          ],
          "Version": "2012-10-17",
        },
        "ManagedPolicyArns": Array [
          Object {
            "Fn::Join": Array [
              "",
              Array [
                "arn:",
                Object {
                  "Ref": "AWS::Partition",
                },
                ":iam::aws:policy/service-role/AWSIoTThingsRegistration",
              ],
            ],
          },
        ],
        "RoleName": "ProvisionRoleName-RegistrationConfigRole-test-case",
      },
      "Type": "AWS::IAM::Role",
    },
    "JustInTimeProvisiontestcaseVerifiersFetchertestcase669A84BA": Object {
      "DependsOn": Array [
        "JustInTimeProvisiontestcaseVerifiersFetchertestcaseServiceRole9B13C41F",
      ],
      "Properties": Object {
        "Code": Object {
          "S3Bucket": Object {
            "Ref": "AssetParameters521c16efa99f6b226a4b5496c6851fc91fb6006c897e8cc62cc021278e3d4d71S3Bucket736A0D41",
          },
          "S3Key": Object {
            "Fn::Join": Array [
              "",
              Array [
                Object {
                  "Fn::Select": Array [
                    0,
                    Object {
                      "Fn::Split": Array [
                        "||",
                        Object {
                          "Ref": "AssetParameters521c16efa99f6b226a4b5496c6851fc91fb6006c897e8cc62cc021278e3d4d71S3VersionKey2C9F0EDB",
                        },
                      ],
                    },
                  ],
                },
                Object {
                  "Fn::Select": Array [
                    1,
                    Object {
                      "Fn::Split": Array [
                        "||",
                        Object {
                          "Ref": "AssetParameters521c16efa99f6b226a4b5496c6851fc91fb6006c897e8cc62cc021278e3d4d71S3VersionKey2C9F0EDB",
                        },
                      ],
                    },
                  ],
                },
              ],
            ],
          },
        },
        "Environment": Object {
          "Variables": Object {
            "AWS_NODEJS_CONNECTION_REUSE_ENABLED": "1",
            "VERIFIERS": "\\"[]\\"",
          },
        },
        "Handler": "index.handler",
        "Role": Object {
          "Fn::GetAtt": Array [
            "JustInTimeProvisiontestcaseVerifiersFetchertestcaseServiceRole9B13C41F",
            "Arn",
          ],
        },
        "Runtime": "nodejs14.x",
      },
      "Type": "AWS::Lambda::Function",
    },
    "JustInTimeProvisiontestcaseVerifiersFetchertestcaseServiceRole9B13C41F": Object {
      "Properties": Object {
        "AssumeRolePolicyDocument": Object {
          "Statement": Array [
            Object {
              "Action": "sts:AssumeRole",
              "Effect": "Allow",
              "Principal": Object {
                "Service": "lambda.amazonaws.com",
              },
            },
          ],
          "Version": "2012-10-17",
        },
        "ManagedPolicyArns": Array [
          Object {
            "Fn::Join": Array [
              "",
              Array [
                "arn:",
                Object {
                  "Ref": "AWS::Partition",
                },
                ":iam::aws:policy/service-role/AWSLambdaBasicExecutionRole",
              ],
            ],
          },
        ],
      },
      "Type": "AWS::IAM::Role",
    },
  },
}
`;
