// Jest Snapshot v1, https://goo.gl/fbAQLP

exports[`CaRegisterApi integration test 1`] = `
Object {
  "Parameters": Object {
    "AssetParameters8b325ee7c020e93e73f9a41b2868268d1da3a8f9c9aa9a88326eb5bd48fc817dArtifactHashEE3A1FF1": Object {
      "Description": "Artifact hash for asset \\"8b325ee7c020e93e73f9a41b2868268d1da3a8f9c9aa9a88326eb5bd48fc817d\\"",
      "Type": "String",
    },
    "AssetParameters8b325ee7c020e93e73f9a41b2868268d1da3a8f9c9aa9a88326eb5bd48fc817dS3Bucket29041231": Object {
      "Description": "S3 bucket for asset \\"8b325ee7c020e93e73f9a41b2868268d1da3a8f9c9aa9a88326eb5bd48fc817d\\"",
      "Type": "String",
    },
    "AssetParameters8b325ee7c020e93e73f9a41b2868268d1da3a8f9c9aa9a88326eb5bd48fc817dS3VersionKey0FAE22DE": Object {
      "Description": "S3 key for asset version \\"8b325ee7c020e93e73f9a41b2868268d1da3a8f9c9aa9a88326eb5bd48fc817d\\"",
      "Type": "String",
    },
    "AssetParametersdce59a21d01c5c28ca59012c2b90d8a97c6e7eea001621c0981f733f972fddfdArtifactHash52761772": Object {
      "Description": "Artifact hash for asset \\"dce59a21d01c5c28ca59012c2b90d8a97c6e7eea001621c0981f733f972fddfd\\"",
      "Type": "String",
    },
    "AssetParametersdce59a21d01c5c28ca59012c2b90d8a97c6e7eea001621c0981f733f972fddfdS3BucketDED6A3ED": Object {
      "Description": "S3 bucket for asset \\"dce59a21d01c5c28ca59012c2b90d8a97c6e7eea001621c0981f733f972fddfd\\"",
      "Type": "String",
    },
    "AssetParametersdce59a21d01c5c28ca59012c2b90d8a97c6e7eea001621c0981f733f972fddfdS3VersionKeyB44852DD": Object {
      "Description": "S3 key for asset version \\"dce59a21d01c5c28ca59012c2b90d8a97c6e7eea001621c0981f733f972fddfd\\"",
      "Type": "String",
    },
  },
  "Resources": Object {
    "CaRegisterApitestcaseCaRegistrationFunctiontestcase2E1CEFE5": Object {
      "DependsOn": Array [
        "CaRegisterApitestcaseCaRegistrationFunctiontestcaseServiceRoleDefaultPolicy19C0B7B6",
        "CaRegisterApitestcaseCaRegistrationFunctiontestcaseServiceRole26C522A1",
      ],
      "Properties": Object {
        "Code": Object {
          "S3Bucket": Object {
            "Ref": "AssetParameters8b325ee7c020e93e73f9a41b2868268d1da3a8f9c9aa9a88326eb5bd48fc817dS3Bucket29041231",
          },
          "S3Key": Object {
            "Fn::Join": Array [
              "",
              Array [
                Object {
                  "Fn::Select": Array [
                    0,
                    Object {
                      "Fn::Split": Array [
                        "||",
                        Object {
                          "Ref": "AssetParameters8b325ee7c020e93e73f9a41b2868268d1da3a8f9c9aa9a88326eb5bd48fc817dS3VersionKey0FAE22DE",
                        },
                      ],
                    },
                  ],
                },
                Object {
                  "Fn::Select": Array [
                    1,
                    Object {
                      "Fn::Split": Array [
                        "||",
                        Object {
                          "Ref": "AssetParameters8b325ee7c020e93e73f9a41b2868268d1da3a8f9c9aa9a88326eb5bd48fc817dS3VersionKey0FAE22DE",
                        },
                      ],
                    },
                  ],
                },
              ],
            ],
          },
        },
        "Environment": Object {
          "Variables": Object {
            "BUCKET_NAME": Object {
              "Fn::ImportValue": "another-stack:ExportsOutputRefuserProvidedBucket2349EF2D343936C6",
            },
            "BUCKET_PREFIX": "test",
            "DEIVCE_ACTIVATOR_QUEUE_URL": Object {
              "Ref": "CaRegisterApitestcaseDeviceActivatortestcaseDeviceActivatorQueuetestcase881E94AF",
            },
            "DEIVCE_ACTIVATOR_ROLE_ARN": Object {
              "Fn::GetAtt": Array [
                "CaRegisterApitestcaseDeviceActivatortestcaseDeviceActivatorQueuetestcaseDeviceActivatorQueuePushingRoletestcaseD04102E0",
                "Arn",
              ],
            },
            "test_verifier": Object {
              "Fn::ImportValue": "verifier-stack:ExportsOutputFnGetAtttestcase9BC7DE4DArn30A02383",
            },
          },
        },
        "Handler": "app.handler",
        "MemorySize": 256,
        "Role": Object {
          "Fn::GetAtt": Array [
            "CaRegisterApitestcaseCaRegistrationFunctiontestcaseServiceRole26C522A1",
            "Arn",
          ],
        },
        "Runtime": "nodejs14.x",
        "Timeout": 10,
      },
      "Type": "AWS::Lambda::Function",
    },
    "CaRegisterApitestcaseCaRegistrationFunctiontestcase372EACDE": Object {
      "Properties": Object {
        "PolicyDocument": Object {
          "Statement": Array [
            Object {
              "Action": Array [
                "iam:PassRole",
                "iot:RegisterCACertificate",
                "iot:GetRegistrationCode",
                "iot:CreateTopicRule",
              ],
              "Effect": "Allow",
              "Resource": "*",
            },
          ],
          "Version": "2012-10-17",
        },
        "PolicyName": "CaRegisterApitestcaseCaRegistrationFunctiontestcase372EACDE",
        "Roles": Array [
          Object {
            "Ref": "CaRegisterApitestcaseCaRegistrationFunctiontestcaseServiceRole26C522A1",
          },
        ],
      },
      "Type": "AWS::IAM::Policy",
    },
    "CaRegisterApitestcaseCaRegistrationFunctiontestcaseServiceRole26C522A1": Object {
      "Properties": Object {
        "AssumeRolePolicyDocument": Object {
          "Statement": Array [
            Object {
              "Action": "sts:AssumeRole",
              "Effect": "Allow",
              "Principal": Object {
                "Service": "lambda.amazonaws.com",
              },
            },
          ],
          "Version": "2012-10-17",
        },
        "ManagedPolicyArns": Array [
          Object {
            "Fn::Join": Array [
              "",
              Array [
                "arn:",
                Object {
                  "Ref": "AWS::Partition",
                },
                ":iam::aws:policy/service-role/AWSLambdaBasicExecutionRole",
              ],
            ],
          },
        ],
      },
      "Type": "AWS::IAM::Role",
    },
    "CaRegisterApitestcaseCaRegistrationFunctiontestcaseServiceRoleDefaultPolicy19C0B7B6": Object {
      "Properties": Object {
        "PolicyDocument": Object {
          "Statement": Array [
            Object {
              "Action": Array [
                "s3:DeleteObject*",
                "s3:PutObject*",
                "s3:Abort*",
              ],
              "Effect": "Allow",
              "Resource": Array [
                Object {
                  "Fn::ImportValue": "another-stack:ExportsOutputFnGetAttuserProvidedBucket2349EF2DArnA89CCA27",
                },
                Object {
                  "Fn::Join": Array [
                    "",
                    Array [
                      Object {
                        "Fn::ImportValue": "another-stack:ExportsOutputFnGetAttuserProvidedBucket2349EF2DArnA89CCA27",
                      },
                      "/*",
                    ],
                  ],
                },
              ],
            },
          ],
          "Version": "2012-10-17",
        },
        "PolicyName": "CaRegisterApitestcaseCaRegistrationFunctiontestcaseServiceRoleDefaultPolicy19C0B7B6",
        "Roles": Array [
          Object {
            "Ref": "CaRegisterApitestcaseCaRegistrationFunctiontestcaseServiceRole26C522A1",
          },
        ],
      },
      "Type": "AWS::IAM::Policy",
    },
    "CaRegisterApitestcaseDeviceActivatortestcaseDeviceActivatorFunctiontestcase5FE1F333": Object {
      "DependsOn": Array [
        "CaRegisterApitestcaseDeviceActivatortestcaseDeviceActivatorFunctiontestcaseServiceRoleDefaultPolicyC32FC9D0",
        "CaRegisterApitestcaseDeviceActivatortestcaseDeviceActivatorFunctiontestcaseServiceRole78132BE2",
      ],
      "Properties": Object {
        "Code": Object {
          "S3Bucket": Object {
            "Ref": "AssetParametersdce59a21d01c5c28ca59012c2b90d8a97c6e7eea001621c0981f733f972fddfdS3BucketDED6A3ED",
          },
          "S3Key": Object {
            "Fn::Join": Array [
              "",
              Array [
                Object {
                  "Fn::Select": Array [
                    0,
                    Object {
                      "Fn::Split": Array [
                        "||",
                        Object {
                          "Ref": "AssetParametersdce59a21d01c5c28ca59012c2b90d8a97c6e7eea001621c0981f733f972fddfdS3VersionKeyB44852DD",
                        },
                      ],
                    },
                  ],
                },
                Object {
                  "Fn::Select": Array [
                    1,
                    Object {
                      "Fn::Split": Array [
                        "||",
                        Object {
                          "Ref": "AssetParametersdce59a21d01c5c28ca59012c2b90d8a97c6e7eea001621c0981f733f972fddfdS3VersionKeyB44852DD",
                        },
                      ],
                    },
                  ],
                },
              ],
            ],
          },
        },
        "Handler": "app.handler",
        "Role": Object {
          "Fn::GetAtt": Array [
            "CaRegisterApitestcaseDeviceActivatortestcaseDeviceActivatorFunctiontestcaseServiceRole78132BE2",
            "Arn",
          ],
        },
        "Runtime": "nodejs14.x",
      },
      "Type": "AWS::Lambda::Function",
    },
    "CaRegisterApitestcaseDeviceActivatortestcaseDeviceActivatorFunctiontestcaseDeviceActivationFunctionPolicytestcase71060DAE": Object {
      "Properties": Object {
        "PolicyDocument": Object {
          "Statement": Array [
            Object {
              "Action": Array [
                "iot:UpdateCertificate",
                "iot:DescribeCertificate",
                "lambda:InvokeFunction",
                "lambda:InvokeAsync",
              ],
              "Effect": "Allow",
              "Resource": "*",
            },
          ],
          "Version": "2012-10-17",
        },
        "PolicyName": "CaRegisterApitestcaseDeviceActivatortestcaseDeviceActivatorFunctiontestcaseDeviceActivationFunctionPolicytestcase71060DAE",
        "Roles": Array [
          Object {
            "Ref": "CaRegisterApitestcaseDeviceActivatortestcaseDeviceActivatorFunctiontestcaseServiceRole78132BE2",
          },
        ],
      },
      "Type": "AWS::IAM::Policy",
    },
    "CaRegisterApitestcaseDeviceActivatortestcaseDeviceActivatorFunctiontestcaseServiceRole78132BE2": Object {
      "Properties": Object {
        "AssumeRolePolicyDocument": Object {
          "Statement": Array [
            Object {
              "Action": "sts:AssumeRole",
              "Effect": "Allow",
              "Principal": Object {
                "Service": "lambda.amazonaws.com",
              },
            },
          ],
          "Version": "2012-10-17",
        },
        "ManagedPolicyArns": Array [
          Object {
            "Fn::Join": Array [
              "",
              Array [
                "arn:",
                Object {
                  "Ref": "AWS::Partition",
                },
                ":iam::aws:policy/service-role/AWSLambdaBasicExecutionRole",
              ],
            ],
          },
        ],
      },
      "Type": "AWS::IAM::Role",
    },
    "CaRegisterApitestcaseDeviceActivatortestcaseDeviceActivatorFunctiontestcaseServiceRoleDefaultPolicyC32FC9D0": Object {
      "Properties": Object {
        "PolicyDocument": Object {
          "Statement": Array [
            Object {
              "Action": Array [
                "sqs:ReceiveMessage",
                "sqs:ChangeMessageVisibility",
                "sqs:GetQueueUrl",
                "sqs:DeleteMessage",
                "sqs:GetQueueAttributes",
              ],
              "Effect": "Allow",
              "Resource": Object {
                "Fn::GetAtt": Array [
                  "CaRegisterApitestcaseDeviceActivatortestcaseDeviceActivatorQueuetestcase881E94AF",
                  "Arn",
                ],
              },
            },
          ],
          "Version": "2012-10-17",
        },
        "PolicyName": "CaRegisterApitestcaseDeviceActivatortestcaseDeviceActivatorFunctiontestcaseServiceRoleDefaultPolicyC32FC9D0",
        "Roles": Array [
          Object {
            "Ref": "CaRegisterApitestcaseDeviceActivatortestcaseDeviceActivatorFunctiontestcaseServiceRole78132BE2",
          },
        ],
      },
      "Type": "AWS::IAM::Policy",
    },
    "CaRegisterApitestcaseDeviceActivatortestcaseDeviceActivatorFunctiontestcaseSqsEventSourceteststackCaRegisterApitestcaseDeviceActivatortestcaseDeviceActivatorQueuetestcase67AD1AB0EC898E70": Object {
      "Properties": Object {
        "BatchSize": 1,
        "EventSourceArn": Object {
          "Fn::GetAtt": Array [
            "CaRegisterApitestcaseDeviceActivatortestcaseDeviceActivatorQueuetestcase881E94AF",
            "Arn",
          ],
        },
        "FunctionName": Object {
          "Ref": "CaRegisterApitestcaseDeviceActivatortestcaseDeviceActivatorFunctiontestcase5FE1F333",
        },
      },
      "Type": "AWS::Lambda::EventSourceMapping",
    },
    "CaRegisterApitestcaseDeviceActivatortestcaseDeviceActivatorQueuetestcase881E94AF": Object {
      "DeletionPolicy": "Delete",
      "Type": "AWS::SQS::Queue",
      "UpdateReplacePolicy": "Delete",
    },
    "CaRegisterApitestcaseDeviceActivatortestcaseDeviceActivatorQueuetestcaseDeviceActivatorQueuePushingRoletestcaseD04102E0": Object {
      "Properties": Object {
        "AssumeRolePolicyDocument": Object {
          "Statement": Array [
            Object {
              "Action": "sts:AssumeRole",
              "Effect": "Allow",
              "Principal": Object {
                "Service": "iot.amazonaws.com",
              },
            },
          ],
          "Version": "2012-10-17",
        },
        "Policies": Array [
          Object {
            "PolicyDocument": Object {
              "Statement": Array [
                Object {
                  "Action": Array [
                    "sqs:SendMessageBatch",
                    "sqs:SendMessage",
                  ],
                  "Effect": "Allow",
                  "Resource": Object {
                    "Fn::GetAtt": Array [
                      "CaRegisterApitestcaseDeviceActivatortestcaseDeviceActivatorQueuetestcase881E94AF",
                      "Arn",
                    ],
                  },
                },
              ],
              "Version": "2012-10-17",
            },
            "PolicyName": "SqsPushPolicy",
          },
        ],
        "RoleName": "DeviceActivatorQueuePushingRoleName-test-case",
      },
      "Type": "AWS::IAM::Role",
    },
  },
}
`;
